// Jest Snapshot v1, https://goo.gl/fbAQLP

exports[`Expect <Accordion> to render 1`] = `
<Accordion
  className="cool-stuff"
  context="primary"
  size="sm"
>
  <div
    className="gds-accordion cool-stuff gds-accordion--primary"
  >
    <ul
      className="gds-accordion-list"
    >
      <li
        context="primary"
        key=".0"
        size="sm"
      >
        Accordion Item 1
      </li>
      <li
        context="primary"
        key=".1"
        size="sm"
      >
        Accordion Item 2
      </li>
      <li
        context="primary"
        key=".2"
        size="sm"
      >
        Accordion Item 3
      </li>
    </ul>
  </div>
</Accordion>
`;
