// Jest Snapshot v1, https://goo.gl/fbAQLP

exports[`Expect <CardImage> to render properly 1`] = `
<div
  className="gds-card__img-container custom gds-card__img-container--top gds-card__img-container--xl"
  style={
    {
      "width": 120,
    }
  }
>
  <img
    className="gds-card__img"
    src="https://foo.bar"
  />
  <div
    className="gds-card__img-helper"
  />
</div>
`;
