// Jest Snapshot v1, https://goo.gl/fbAQLP

exports[`Expect <Divider> to render open 1`] = `
<div
  className="gds-divider"
  onClick={[MockFunction]}
  style={
    {
      "width": 150,
    }
  }
>
  <span
    className="gds-divider__label gds-form-group__label"
  >
    Divider Label
  </span>
  <span
    className="gds-divider__line"
  />
</div>
`;

exports[`Expect <Divider> to render properly 1`] = `
<div
  className="gds-divider"
  onClick={[MockFunction]}
  style={
    {
      "width": 150,
    }
  }
>
  <span
    className="gds-divider__label gds-form-group__label"
  >
    Divider Label
  </span>
  <span
    className="gds-divider__line"
  />
</div>
`;
