// Jest Snapshot v1, https://goo.gl/fbAQLP

exports[`Expect <MultiSelect> to render properly 1`] = `
<div
  callback={[MockFunction]}
  className="gds-multi-select custom-class gds-multi-select--xs"
  placeholder="placeholder"
>
  <button
    aria-controls="MultiSelect_region_T2JqZWN00"
    aria-expanded={false}
    aria-pressed={false}
    className="gds-multi-select__button gds-multi-select__button--xs"
    id="MultiSelect_label_T2JqZWN00"
    name="multiselectMenu"
    onClick={[Function]}
    tabIndex={0}
    type="button"
  >
    <div
      className="-ellipsis"
    >
      Lassie, Snoopy, Grumpy Cat, Lil Bub
    </div>
  </button>
  <ul
    aria-hidden={true}
    aria-labelledby="MultiSelect_label_T2JqZWN00"
    className="gds-multi-select__menu"
    id="MultiSelect_region_T2JqZWN00"
    role="region"
    style={{}}
  >
    <li
      className="gds-multi-select__menu-item"
    >
      <div
        className="gds-multi-select__menu-link"
      >
        <div
          className="gds-form-group gds-multi-select__option"
          onClick={[Function]}
        >
          <div
            className="gds-form-group__checkbox gds-form-group__checkbox--xs"
          >
            <label
              className="gds-form-group__checkbox-label"
            >
              <input
                checked={false}
                className="gds-form-group__checkbox-input"
                onChange={[Function]}
                type="checkbox"
              />
              <span
                className="gds-form-group__checkbox-indicator"
              />
              All Pets
            </label>
          </div>
        </div>
      </div>
    </li>
    <li
      className="gds-multi-select__menu-item"
      onClick={[Function]}
    >
      <div
        className="gds-multi-select__menu-link gds-multi-select__menu-link--collapsable gds-multi-select__menu-link--active"
      >
        <div
          className="gds-form-group gds-multi-select__option"
          onClick={[Function]}
        >
          <div
            className="gds-form-group__checkbox gds-form-group__checkbox--xs"
          >
            <label
              className="gds-form-group__checkbox-label"
            >
              <input
                checked={false}
                className="gds-form-group__checkbox-input"
                onChange={[Function]}
                type="checkbox"
              />
              <span
                className="gds-form-group__checkbox-indicator"
              />
              Dogs
            </label>
          </div>
        </div>
        <ul
          className="gds-multi-select__sub-menu"
        >
          <li
            className="gds-multi-select__menu-item"
            onClick={[Function]}
          >
            <div
              className="gds-multi-select__menu-link"
            >
              <div
                className="gds-form-group gds-multi-select__option"
              >
                <div
                  className="gds-form-group__checkbox gds-form-group__checkbox--xs"
                >
                  <label
                    className="gds-form-group__checkbox-label"
                  >
                    <input
                      checked={true}
                      className="gds-form-group__checkbox-input"
                      onChange={[Function]}
                      type="checkbox"
                    />
                    <span
                      className="gds-form-group__checkbox-indicator"
                    />
                    Lassie
                  </label>
                </div>
              </div>
            </div>
          </li>
          <li
            className="gds-multi-select__menu-item"
            onClick={[Function]}
          >
            <div
              className="gds-multi-select__menu-link"
            >
              <div
                className="gds-form-group gds-multi-select__option"
              >
                <div
                  className="gds-form-group__checkbox gds-form-group__checkbox--xs"
                >
                  <label
                    className="gds-form-group__checkbox-label"
                  >
                    <input
                      checked={true}
                      className="gds-form-group__checkbox-input"
                      onChange={[Function]}
                      type="checkbox"
                    />
                    <span
                      className="gds-form-group__checkbox-indicator"
                    />
                    Snoopy
                  </label>
                </div>
              </div>
            </div>
          </li>
          <li
            className="gds-multi-select__menu-item"
            onClick={[Function]}
          >
            <div
              className="gds-multi-select__menu-link"
            >
              <div
                className="gds-form-group gds-multi-select__option"
              >
                <div
                  className="gds-form-group__checkbox gds-form-group__checkbox--xs"
                >
                  <label
                    className="gds-form-group__checkbox-label"
                  >
                    <input
                      checked={false}
                      className="gds-form-group__checkbox-input"
                      onChange={[Function]}
                      type="checkbox"
                    />
                    <span
                      className="gds-form-group__checkbox-indicator"
                    />
                    Toto
                  </label>
                </div>
              </div>
            </div>
          </li>
          <li
            className="gds-multi-select__menu-item"
            onClick={[Function]}
          >
            <div
              className="gds-multi-select__menu-link"
            >
              <div
                className="gds-form-group gds-multi-select__option"
              >
                <div
                  className="gds-form-group__checkbox gds-form-group__checkbox--xs"
                >
                  <label
                    className="gds-form-group__checkbox-label"
                  >
                    <input
                      checked={false}
                      className="gds-form-group__checkbox-input"
                      onChange={[Function]}
                      type="checkbox"
                    />
                    <span
                      className="gds-form-group__checkbox-indicator"
                    />
                    Brian Griffin
                  </label>
                </div>
              </div>
            </div>
          </li>
        </ul>
      </div>
    </li>
    <li
      className="gds-multi-select__menu-item"
      onClick={[Function]}
    >
      <div
        className="gds-multi-select__menu-link gds-multi-select__menu-link--collapsable gds-multi-select__menu-link--active"
      >
        <div
          className="gds-form-group gds-multi-select__option"
          onClick={[Function]}
        >
          <div
            className="gds-form-group__checkbox gds-form-group__checkbox--xs"
          >
            <label
              className="gds-form-group__checkbox-label"
            >
              <input
                checked={false}
                className="gds-form-group__checkbox-input"
                onChange={[Function]}
                type="checkbox"
              />
              <span
                className="gds-form-group__checkbox-indicator"
              />
              Cats
            </label>
          </div>
        </div>
        <ul
          className="gds-multi-select__sub-menu"
        >
          <li
            className="gds-multi-select__menu-item"
            onClick={[Function]}
          >
            <div
              className="gds-multi-select__menu-link"
            >
              <div
                className="gds-form-group gds-multi-select__option"
              >
                <div
                  className="gds-form-group__checkbox gds-form-group__checkbox--xs"
                >
                  <label
                    className="gds-form-group__checkbox-label"
                  >
                    <input
                      checked={true}
                      className="gds-form-group__checkbox-input"
                      onChange={[Function]}
                      type="checkbox"
                    />
                    <span
                      className="gds-form-group__checkbox-indicator"
                    />
                    Grumpy Cat
                  </label>
                </div>
              </div>
            </div>
          </li>
          <li
            className="gds-multi-select__menu-item"
            onClick={[Function]}
          >
            <div
              className="gds-multi-select__menu-link"
            >
              <div
                className="gds-form-group gds-multi-select__option"
              >
                <div
                  className="gds-form-group__checkbox gds-form-group__checkbox--xs"
                >
                  <label
                    className="gds-form-group__checkbox-label"
                  >
                    <input
                      checked={true}
                      className="gds-form-group__checkbox-input"
                      onChange={[Function]}
                      type="checkbox"
                    />
                    <span
                      className="gds-form-group__checkbox-indicator"
                    />
                    Lil Bub
                  </label>
                </div>
              </div>
            </div>
          </li>
          <li
            className="gds-multi-select__menu-item"
            onClick={[Function]}
          >
            <div
              className="gds-multi-select__menu-link"
            >
              <div
                className="gds-form-group gds-multi-select__option"
              >
                <div
                  className="gds-form-group__checkbox gds-form-group__checkbox--xs"
                >
                  <label
                    className="gds-form-group__checkbox-label"
                  >
                    <input
                      checked={false}
                      className="gds-form-group__checkbox-input"
                      onChange={[Function]}
                      type="checkbox"
                    />
                    <span
                      className="gds-form-group__checkbox-indicator"
                    />
                    Hello Kitty
                  </label>
                </div>
              </div>
            </div>
          </li>
        </ul>
      </div>
    </li>
  </ul>
</div>
`;
