// Jest Snapshot v1, https://goo.gl/fbAQLP

exports[`Expect <MultiSelectMenuItem> to render properly 1`] = `
<li
  className="gds-multi-select__menu-item"
  onClick={[MockFunction]}
>
  <div
    className="gds-multi-select__menu-link"
  >
    <div
      className="gds-form-group gds-multi-select__option"
      onClick={[Function]}
    >
      <div
        className="gds-form-group__checkbox gds-form-group__checkbox--xs"
      >
        <label
          className="gds-form-group__checkbox-label"
        >
          <input
            checked={false}
            className="gds-form-group__checkbox-input"
            onChange={[Function]}
            type="checkbox"
          />
          <span
            className="gds-form-group__checkbox-indicator"
          />
          Foo
        </label>
      </div>
    </div>
  </div>
</li>
`;

exports[`Expect <MultiSelectMenuItem> to render properly 2`] = `
<li
  className="gds-multi-select__menu-item"
  onClick={[MockFunction]}
>
  <div
    className="gds-multi-select__menu-link"
  >
    <div
      className="gds-form-group gds-multi-select__option"
      onClick={[Function]}
    >
      <div
        className="gds-form-group__checkbox gds-form-group__checkbox--xs"
      >
        <label
          className="gds-form-group__checkbox-label"
        >
          <input
            checked={false}
            className="gds-form-group__checkbox-input"
            onChange={[Function]}
            type="checkbox"
          />
          <span
            className="gds-form-group__checkbox-indicator"
          />
          Foo
        </label>
      </div>
    </div>
  </div>
</li>
`;
