// Jest Snapshot v1, https://goo.gl/fbAQLP

exports[`Expect <Well> to render properly 1`] = `
<div
  className="gds-well gds-well--primary"
  style={
    {
      "width": 100,
    }
  }
>
  <p
    className="gds-well__text"
  >
    Foo
  </p>
</div>
`;

exports[`Expect <Well> to render with a button 1`] = `
<div
  className="gds-well gds-well--primary"
  style={
    {
      "width": 100,
    }
  }
>
  <p
    className="gds-well__text"
  >
    Foo
  </p>
</div>
`;
