// Jest Snapshot v1, https://goo.gl/fbAQLP

exports[`Expect <LoadingDots> to render properly 1`] = `
<div
  className="cool-class"
  style={
    {
      "width": "100px",
    }
  }
>
  <div
    className="gds-loading"
  >
    <div
      className="gds-loading__dot gds-loading__dot--lg"
    />
  </div>
</div>
`;

exports[`Expect <LoadingDots> to render properly with empty 1`] = `
<div
  className="cool-class"
  style={
    {
      "width": "100px",
    }
  }
>
  <div
    className="gds-loading"
  >
    <div
      className="gds-loading__dot gds-loading__dot--lg"
    />
  </div>
</div>
`;
