// Jest Snapshot v1, https://goo.gl/fbAQLP

exports[`Expect <ModalForm> to render 1`] = `
<ModalForm
  className="modal-class"
  style={
    Object {
      "width": "100px",
    }
  }
>
  <form
    className="gds-modal__form modal-class"
    style={
      Object {
        "width": "100px",
      }
    }
  >
    <div>
      My form content
    </div>
  </form>
</ModalForm>
`;
