// Jest Snapshot v1, https://goo.gl/fbAQLP

exports[`Expect <ModalFooter> to render 1`] = `
<ModalFooter
  className="modal-class"
  style={
    Object {
      "width": "100px",
    }
  }
>
  <div
    className="gds-modal__footer -text-right modal-class"
    style={
      Object {
        "width": "100px",
      }
    }
  >
    <div>
      My modal content
    </div>
  </div>
</ModalFooter>
`;
