// Jest Snapshot v1, https://goo.gl/fbAQLP

exports[`Expect <Select> to render properly 1`] = `
<select
  className="gds-form-group__select-input gds-form-group__select-input--success gds-form-group__select-input--lg"
  text="100"
>
  <option
    value="foo"
  >
    Foot
  </option>
  <option
    value="woo"
  >
    Woot
  </option>
</select>
`;
